// Vitest Snapshot v1

exports[`toc > renders 1`] = `
<DocumentFragment>
  <ul
    class="text-sm text-gray-600 hover:text-black"
  >
    <li
      class="py-1 max-w-prose"
    >
      <div
        class="transition duration-0 hover:duration-150 hover:bg-gray-100 text-gray-600 hover:text-black rounded-md ring-inset hover:ring-1 hover:ring-gray-300 py-1 px-1 flex items-center gap-3"
      >
        <span
          class="py-1 hover:text-blue-700"
        >
          Part 1
        </span>
        <span
          aria-controls="headlessui-disclosure-panel-:r1:"
          aria-expanded="true"
          class="min-w-2 mr-2"
          id="headlessui-disclosure-button-:r0:"
        >
          <svg
            aria-hidden="true"
            class="transition-all  h-5 w-5 cursor-pointer hover:text-blue-700 select-none"
            fill="currentColor"
            viewBox="0 0 20 20"
            xmlns="http://www.w3.org/2000/svg"
          >
            <path
              clip-rule="evenodd"
              d="M14.77 12.79a.75.75 0 01-1.06-.02L10 8.832 6.29 12.77a.75.75 0 11-1.08-1.04l4.25-4.5a.75.75 0 011.08 0l4.25 4.5a.75.75 0 01-.02 1.06z"
              fill-rule="evenodd"
            />
          </svg>
        </span>
      </div>
      <div
        class="overflow-hidden ml-2"
      >
        <ul
          class="ml-2 h-fit"
          id="headlessui-disclosure-panel-:r1:"
        >
          <li
            class="py-1 max-w-prose"
          >
            <div
              class="transition duration-0 hover:duration-150 hover:bg-gray-100 text-gray-600 hover:text-black rounded-md ring-inset hover:ring-1 hover:ring-gray-300 py-1 px-1 flex items-center gap-3"
            >
              <span
                class="py-1 hover:text-blue-700"
              >
                Part 1.1 with a very long title that requires space
              </span>
            </div>
          </li>
          <li
            class="py-1 max-w-prose"
          >
            <div
              class="transition duration-0 hover:duration-150 hover:bg-gray-100 text-gray-600 hover:text-black rounded-md ring-inset hover:ring-1 hover:ring-gray-300 py-1 px-1 flex items-center gap-3"
            >
              <span
                class="py-1 hover:text-blue-700"
              >
                Part 1.2
              </span>
              <span
                aria-controls="headlessui-disclosure-panel-:r6:"
                aria-expanded="true"
                class="min-w-2 mr-2"
                id="headlessui-disclosure-button-:r5:"
              >
                <svg
                  aria-hidden="true"
                  class="transition-all  h-5 w-5 cursor-pointer hover:text-blue-700 select-none"
                  fill="currentColor"
                  viewBox="0 0 20 20"
                  xmlns="http://www.w3.org/2000/svg"
                >
                  <path
                    clip-rule="evenodd"
                    d="M14.77 12.79a.75.75 0 01-1.06-.02L10 8.832 6.29 12.77a.75.75 0 11-1.08-1.04l4.25-4.5a.75.75 0 011.08 0l4.25 4.5a.75.75 0 01-.02 1.06z"
                    fill-rule="evenodd"
                  />
                </svg>
              </span>
            </div>
            <div
              class="overflow-hidden ml-2"
            >
              <ul
                class="ml-4 h-fit"
                id="headlessui-disclosure-panel-:r6:"
              >
                <li
                  class="py-1 max-w-prose"
                >
                  <div
                    class="transition duration-0 hover:duration-150 hover:bg-gray-100 text-gray-600 hover:text-black rounded-md ring-inset hover:ring-1 hover:ring-gray-300 py-1 px-1 flex items-center gap-3"
                  >
                    <span
                      class="py-1 hover:text-blue-700"
                    >
                      Part 1.2.1
                    </span>
                  </div>
                </li>
              </ul>
            </div>
          </li>
        </ul>
      </div>
    </li>
    <li
      class="py-1 max-w-prose"
    >
      <div
        class="transition duration-0 hover:duration-150 hover:bg-gray-100 text-gray-600 hover:text-black rounded-md ring-inset hover:ring-1 hover:ring-gray-300 py-1 px-1 flex items-center gap-3"
      >
        <span
          class="py-1 hover:text-blue-700"
        >
          Part 2
        </span>
      </div>
    </li>
    <li
      class="py-1 max-w-prose"
    >
      <div
        class="transition duration-0 hover:duration-150 hover:bg-gray-100 text-gray-600 hover:text-black rounded-md ring-inset hover:ring-1 hover:ring-gray-300 py-1 px-1 flex items-center gap-3"
      >
        <span
          class="py-1 hover:text-blue-700"
        >
          Part 3
        </span>
      </div>
    </li>
  </ul>
</DocumentFragment>
`;
